/usr/bin/comm
/usr/bin/timeout
/usr/bin/join
/usr/bin/whoami
/usr/bin/md5sum
/usr/bin/fold
/usr/bin/logname
/usr/bin/id
/usr/bin/sha384sum
/usr/bin/sort
/usr/bin/tsort
/usr/bin/expand
/usr/bin/tac
/usr/bin/base64
/usr/bin/truncate
/usr/bin/printenv
/usr/bin/dircolors
/usr/bin/who
/usr/bin/sha512sum
/usr/bin/printf
/usr/bin/pathchk
/usr/bin/seq
/usr/bin/shred
/usr/bin/runcon
/usr/bin/install
/usr/bin/paste
/usr/bin/shuf
/usr/bin/tr
/usr/bin/expr
/usr/bin/cksum
/usr/bin/tee
/usr/bin/sha256sum
/usr/bin/nice
/usr/bin/unexpand
/usr/bin/stdbuf
/usr/bin/[
/usr/bin/basename
/usr/bin/factor
/usr/bin/sum
/usr/bin/od
/usr/bin/du
/usr/bin/cut
/usr/bin/hostid
/usr/bin/link
/usr/bin/csplit
/usr/bin/uniq
/usr/bin/nproc
/usr/bin/mkfifo
/usr/bin/sha224sum
/usr/bin/yes
/usr/bin/arch
/usr/bin/tail
/usr/bin/wc
/usr/bin/nohup
/usr/bin/nl
/usr/bin/stat
/usr/bin/dirname
/usr/bin/pr
/usr/bin/fmt
/usr/bin/split
/usr/bin/test
/usr/bin/tty
/usr/bin/ptx
/usr/bin/chcon
/usr/bin/groups
/usr/bin/users
/usr/bin/head
/usr/bin/pinky
/usr/bin/sha1sum
/usr/bin/env
/usr/bin/unlink
/usr/sbin
/usr/sbin/chroot
/bin/touch
/bin/echo
/bin/chgrp
/bin/readlink
/bin/df
/bin/cp
/bin/dir
/bin/pwd
/bin/date
/bin/sync
/bin/dd
/bin/mknod
/bin/ln
/bin/ls
/bin/sleep
/bin/rmdir
/bin/true
/bin/rm
/bin/chmod
/bin/chown
/bin/mv
/bin/false
/bin/cat
/bin/vdir
/bin/uname
/bin/stty
/bin/mkdir
/bin/mktemp
/usr/bin/touch
/usr/bin/md5sum
